2026-09-11 19:04:04 main INFO Qualification:60 - Threadpool size is 2
2026-09-11 19:04:04 main INFO RuntimeUtil:60 - 
RAPIDS Accelerator for Apache Spark's Build/Runtime Information
-- listing properties --
build.spark.version=3.5.7
build.scala.version=2.12.15
test.qual.generate.golden.dir=/home/jenkins/agent/workspace/spark-r...
test.qual.keep.per_app.summary=false
runtime.os.version=6.12.103-127.188.amzn2023.x86_64
runtime.os.name=Linux
runtime.jvm.name=OpenJDK 64-Bit Server VM
build.java.version=1.8.0_442
runtime.jvm.arg.gc.UseG1GC=
runtime.jvm.version=1.8.0_452
build.version=25.10.9
runtime.spark.version=3.5.7
build.hadoop.version=3.3.6
runtime.jvm.arg.heap.min=8g
test.tools.cleanup.tmp.dir=true
test.qual.generate.golden.enable=false
runtime.jvm.arg.heap.max=17g
build.benchmarks.checkpoints=noOp

2026-09-11 19:04:04 Qualification-0 INFO QualificationAppInfo:60 - Start Parsing Event Log: file:/home/cdsw/spark-rapids-qualification-tool/spark-rapids-logs/eventlog_v2_spark-9ea1f83f4a7740ffb9002876514c6426
2026-09-11 19:04:05 Qualification-0 INFO QualificationAppInfo:60 - Events stats of file:/home/cdsw/spark-rapids-qualification-tool/spark-rapids-logs/eventlog_v2_spark-9ea1f83f4a7740ffb9002876514c6426 (Total/Parsed/Skipped/Process-Percentage): (6/6/0/100.00)
2026-09-11 19:04:05 Qualification-0 WARN QualificationAppInfo:72 - Could not determine if any executors were allocated or the number of cores used per executor. Can't build existing cluster information!
2026-09-11 19:04:05 Qualification-0 WARN OnPremPlatform:72 - Failed to generate a cluster recommendation. Could not determine number of executors. Cluster properties are missing and event log does not contain cluster information.
2026-09-11 19:04:06 Qualification-0 INFO SuccessAppResult:60 - [SUCCESS] File: file:/home/cdsw/spark-rapids-qualification-tool/spark-rapids-logs/eventlog_v2_spark-9ea1f83f4a7740ffb9002876514c6426, appName: Spark-ETL-v6, appId: spark-9ea1f83f4a7740ffb9002876514c6426, attemptId: 1
