2026-09-11 18:57:53 main INFO Qualification:60 - Threadpool size is 2
2026-09-11 18:57:53 main INFO RuntimeUtil:60 - 
RAPIDS Accelerator for Apache Spark's Build/Runtime Information
-- listing properties --
build.spark.version=3.5.7
build.scala.version=2.12.15
test.qual.generate.golden.dir=/home/jenkins/agent/workspace/spark-r...
test.qual.keep.per_app.summary=false
runtime.os.version=6.12.103-127.188.amzn2023.x86_64
runtime.os.name=Linux
runtime.jvm.name=OpenJDK 64-Bit Server VM
build.java.version=1.8.0_442
runtime.jvm.arg.gc.UseG1GC=
runtime.jvm.version=1.8.0_452
build.version=25.10.9
runtime.spark.version=3.5.7
build.hadoop.version=3.3.6
runtime.jvm.arg.heap.min=8g
test.tools.cleanup.tmp.dir=true
test.qual.generate.golden.enable=false
runtime.jvm.arg.heap.max=17g
build.benchmarks.checkpoints=noOp

2026-09-11 18:57:53 Qualification-0 INFO QualificationAppInfo:60 - Start Parsing Event Log: file:/home/cdsw/spark-rapids-qualification-tool/spark-rapids-logs/eventlog_v2_spark-7d224fa9d1474d10b3caf43c15aa2104
2026-09-11 18:58:12 Qualification-0 INFO QualificationAppInfo:60 - Events stats of file:/home/cdsw/spark-rapids-qualification-tool/spark-rapids-logs/eventlog_v2_spark-7d224fa9d1474d10b3caf43c15aa2104 (Total/Parsed/Skipped/Process-Percentage): (127407/65274/62133/51.23)
2026-09-11 18:58:12 Qualification-0 WARN QualificationAppInfo:72 - Application End Time is unknown for spark-7d224fa9d1474d10b3caf43c15aa2104, estimating based on job and sql end times!
2026-09-11 18:58:12 Qualification-0 WARN QualificationAppInfo:72 - Application spark-7d224fa9d1474d10b3caf43c15aa2104: Cluster with variable executor cores detected. Using maximum value.
2026-09-11 18:58:16 Qualification-0 INFO SuccessAppResult:60 - [SUCCESS] File: file:/home/cdsw/spark-rapids-qualification-tool/spark-rapids-logs/eventlog_v2_spark-7d224fa9d1474d10b3caf43c15aa2104, appName: Spark-ETL-v9, appId: spark-7d224fa9d1474d10b3caf43c15aa2104, attemptId: 1
