### Recommended SPARK Configuration on GPU Cluster for App: spark-9ea1f83f4a7740ffb9002876514c6426 ###

Spark Properties:
--conf spark.dynamicAllocation.maxExecutors=249
--conf spark.executor.cores=4
--conf spark.executor.memory=16g
--conf spark.locality.wait=0
--conf spark.plugins=com.nvidia.spark.SQLPlugin
--conf spark.rapids.sql.batchSizeBytes=1g
--conf spark.rapids.sql.enabled=true
--conf spark.sql.files.maxPartitionBytes=512m
--conf spark.sql.shuffle.partitions=800

Comments:
- 'spark.executor.cores' should be set to 16.
- 'spark.executor.instances' should be set to (cpuCoresPerNode * numWorkers) / 'spark.executor.cores'.
- 'spark.executor.memory' should be set to 2g/core.
- 'spark.plugins' should be set to the class name required for the RAPIDS Accelerator for Apache Spark.
  Refer to: https://docs.nvidia.com/spark-rapids/user-guide/latest/getting-started/overview.html
- 'spark.rapids.memory.pinnedPool.size' should be set to 2g.
- 'spark.rapids.sql.batchSizeBytes' was not set.
- 'spark.rapids.sql.concurrentGpuTasks' should be set to Min(4, (gpuMemory / 7500m)).
- 'spark.rapids.sql.enabled' should be true to enable SQL operations on the GPU.
- 'spark.rapids.sql.enabled' was not set.
- 'spark.shuffle.manager' is not recommended because the Spark version on the GPU cluster is unknown during Qualification.
- 'spark.sql.adaptive.enabled' should be enabled for better performance.
- 'spark.sql.files.maxPartitionBytes' was not set.
- 'spark.task.resource.gpu.amount' should be set to 0.001.
- Could not infer the cluster configuration, recommendations are generated using default values!
- RAPIDS Accelerator for Apache Spark plugin jar is missing
  from the classpath entries.
  If the Spark RAPIDS jar is being bundled with your
  Spark distribution, this step is not needed.
- The RAPIDS Shuffle Manager requires spark.driver.extraClassPath
  and spark.executor.extraClassPath settings to include the
  path to the Spark RAPIDS plugin jar.
  If the Spark RAPIDS jar is being bundled with your Spark
  distribution, this step is not needed.
- To include additional plugins for the GPU cluster, specify 'spark.plugins' in the
  'sparkProperties.enforced' section in '--target_cluster_info'.
